Ms^Xm, Ms^Xm, Ms^Xm, Ms^Xm, Ms^Xm, Ms^Xm, Ms^Xm, Ms^Xm, Ms^Xm, Ms^Xm, Ms^Xm, Ms^Xm, Ms^Xm, Ms^Xm, Ms^Xm, Ms^Xm, Ms^Xm, Ms^Xm, Ms^Xm, Ms^Xm, Ms^Xm, Ms^Xm, Ms^Xm, Ms^Xm, Ms^Xm, Ms^Xm, Ms^Xm, Ms^Xm, Ms^Xm, Ms^Xm, Ms^Xm, Ms^Xm, Ms^Xm, Ms^Xm, Ms^Xm, Ms^Xm, Ms^Xm, Ms^Xm, Ms^Xm, Ms^Xm, Ms^Xm, Ms^Xm, Ms^Xm, Ms^Xm, Ms^Xm, Ms^Xm, Ms^Xm, Ms^Xm, Ms^Xm, Ms^Xm, Ms^Xm, Ms^Xm, Ms^Xm, Ms^Xm, Ms^Xm, Ms^Xm, Ms^Xm, Ms^Xm, Ms^Xm, Ms^Xm, Ms^Xm, Ms^Xm, Ms^Xm, Ms^Xm, Ms^Xm, Ms^Xm, Ms^Xm, Ms^Xm, Ms^Xm, Ms^Xm, Ms^Xm, Ms^Xm, Ms^Xm, Ms^Xm, Ms^Xm
Ms^Xm, Ms^Xm, Ms^Xm, Ms^Xm, Ms^Xm, Ms^Xm, Ms^Xm, Ms^Xm, Ms^Xm, Ms^Xm, Ms^Xm, Ms^Xm, Ms^Xm, Ms^Xm, Ms^Xm, Ms^Xm, Ms^Xm, Ms^Xm, Ms^Xm, Ms^Xm, Ms^Xm, Ms^Xm, Ms^Xm, Ms^Xm, Ms^Xm, Ms^Xm, Ms^Xm, Ms^Xm, Ms^Xm, Ms^Xm, Ms^Xm, Ms^Xm, Ms^Xm, Ms^Xm, Ms^Xm, Ms^Xm, Ms^Xm, Ms^Xm, Ms^Xm, Ms^Xm, Ms^Xm, Ms^Xm, Ms^Xm, Ms^Xm, Ms^Xm, Ms^Xm, Ms^Xm, Ms^Xm, Ms^Xm, Ms^Xm, Ms^Xm, Ms^Xm, Ms^Xm, Ms^Xm, Ms^Xm, Ms^Xm, Ms^Xm, Ms^Xm, Ms^Xm, Ms^Xm, Ms^Xm, Ms^Xm, Ms^Xm, Ms^Xm, Ms^Xm, Ms^Xm, Ms^Xm, Ms^Xm, Ms^Xm, Ms^Xm, Ms^Xm, Ms^Xm, Ms^Xm, Ms^Xm, Ms^Xm
Ms^Xm, Ms^Xm, Ms^Xm, Ms^Xm, Ms^Xm, Ms^Xm, Ms^Xm, Ms^Xm, Ms^Xm, Ms^Xm, Ms^Xm, Ms^Xm, Ms^Xm, Ms^Xm, Ms^Xm, Ms^Xm, Ms^Xm, Ms^Xm, Ms^Xm, Ms^Xm, Ms^Xm, Ms^Xm, Ms^Xm, Ms^Xm, Ms^Xm, Ms^Xm, Ms^Xm, Ms^Xm, Ms^Xm, Ms^Xm, Ms^Xm, Ms^Xm, Ms^Xm, Ms^Xm, Ms^Xm, Ms^Xm, Ms^Xm, Ms^Xm, Ms^Xm, Ms^Xm, Ms^Xm, Ms^Xm, Ms^Xm, Ms^Xm, Ms^Xm, Ms^Xm, Ms^Xm, Ms^Xm, Ms^Xm, Ms^Xm, Ms^Xm, Ms^Xm, Ms^Xm, Ms^Xm, Ms^Xm, Ms^Xm, Ms^Xm, Ms^Xm, Ms^Xm, Ms^Xm, Ms^Xm, Ms^Xm, Ms^Xm, Ms^Xm, Ms^Xm, Ms^Xm, Ms^Xm, Ms^Xm, Ms^Xm, Ms^Xm, Ms^Xm, Ms^Xm, Ms^Xm, Ms^Xm, Ms^Xm
Ms^Xm, Ms^Xm, Ms^Xm, Ms^Xm, Ms^Xm, Ms^Xm, Ms^Xm, Ms^Xm, Ms^Xm, Ms^Xm, Ms^Xm, Ms^Xm, Ms^Xm, Ms^Xm, Ms^Xm, Ms^Xm, Ms^Xm, Ms^Xm, Ms^Xm, Ms^Xm, Ms^Xm, Ms^Xm, Ms^Xm, Ms^Xm, Ms^Xm, Ms^Xm, Ms^Xm, Ms^Xm, Ms^Xm, Ms^Xm, Ms^Xm, Ms^Xm, Ms^Xm, Ms^Xm, Ms, Ms^Xm, Ms^Xm, Ms^Xm, Ms^Xm, Ms^Xm, Ms^Xm, Ms^Xm, Ms^Xm, Ms^Xm, Ms^Xm, Ms^Xm, Ms^Xm, Ms^Xm, Ms^Xm, Ms^Xm, Ms^Xm, Ms^Xm, Ms^Xm, Ms^Xm, Ms^Xm, Ms^Xm, Ms^Xm, Ms^Xm, Ms^Xm, Ms^Xm, Ms^Xm, Ms^Xm, Ms^Xm, Ms^Xm, Ms^Xm, Ms^Xm, Ms^Xm, Ms^Xm, Ms^Xm, Ms^Xm, Ms^Xm, Ms^Xm, Ms^Xm, Ms^Xm, Ms^Xm
Ms^Xm, Ms^Xm, Ms^Xm, Ms^Xm, Ms^Xm, Ms^Xm, Ms^Xm, Ms^Xm, Ms^Xm, Ms^Xm, Ms^Xm, Ms^Xm, Ms^Xm, Ms^Xm, Ms^Xm, Ms^Xm, Ms^Xm, Ms^Xm, Ms^Xm, Ms^Xm, Ms^Xm, Ms^Xm, Ms^Xm, Ms^Xm, Ms^Xm, Ms^Xm, Ms^Xm, Ms^Xm, Ms^Xm, Ha, Ha, Ms, Ms, Ms, Ha, Ha, Cha, Ha, Ha, Ms^Xm, Ms, Ms^Xm, Ms, Ms^Xm, Ms^Xm, Ms^Xm, Ms^Xm, Ms^Xm, Ms^Xm, Ms^Xm, Ms^Xm, Ms^Xm, Ms^Xm, Ms^Xm, Ms^Xm, Ms^Xm, Ms^Xm, Ms^Xm, Ms^Xm, Ms^Xm, Ms^Xm, Ms^Xm, Ms^Xm, Ms^Xm, Ms^Xm, Ms^Xm, Ms^Xm, Ms^Xm, Ms^Xm, Ms^Xm, Ms^Xm, Ms^Xm, Ms^Xm, Ms^Xm, Ms^Xm
Ms^Xm, Ms^Xm, Ms^Xm, Ms^Xm, Ms^Xm, Ms^Xm, Ms^Xm, Ms^Xm, Ms^Xm, Ms^Xm, Ms^Xm, Ms^Xm, Ms^Xm, Ms^Xm, Ms^Xm, Ms^Xm, Ms^Xm, Ms^Xm, Ms^Xm, Ms^Xm, Ms^Xm, Ms^Xm, Ms^Xm, Ms^Xm, Ms^Xm, Ms^Xm, Ms^Xm, Ms^Xm, Ha, Ha, Aa, Ai, Ai, Ai, Aa, Aa, Aa, Aa, Aa, Ai, Aa, Ms, Ha, Ms, Ms^Xm, Ms^Xm, Ms^Xm, Ms^Xm, Ms^Xm, Ms^Xm, Ms^Xm, Ms^Xm, Ms^Xm, Ms^Xm, Ms^Xm, Ms^Xm, Ms^Xm, Ms^Xm, Ms^Xm, Ms^Xm, Ms^Xm, Ms^Xm, Ms^Xm, Ms^Xm, Ms^Xm, Ms^Xm, Ms^Xm, Ms^Xm, Ms^Xm, Ms^Xm, Ms^Xm, Ms^Xm, Ms^Xm, Ms^Xm, Ms^Xm
Ms^Xm, Ms^Xm, Ms^Xm, Ms^Xm, Ms^Xm, Ms^Xm, Ms^Xm, Ms^Xm, Ms^Xm, Ms^Xm, Ms^Xm, Ms^Xm, Ms^Xm, Ms^Xm, Ms^Xm, Ms^Xm, Ms^Xm, Ms^Xm, Ms^Xm, Ms^Xm, Ms^Xm, Ms^Xm, Ms^Xm, Ms^Xm, Ms^Xm, Md, Md, Ms^Xm, Rra, Aa, Aa, Rra, Rra, Rra, Rra, Aa, Aa^Vka, Aa, Rra, Ai, Rra, Aa, Rra, Ha, Md, Md, Ms^Xm, Ms^Xm, Ms^Xm, Ms^Xm, Ms^Xm, Ms^Xm, Ms^Xm, Ms^Xm, Ms^Xm, Ms^Xm, Ms^Xm, Ms^Xm, Ms^Xm, Ms^Xm, Ms^Xm, Ms^Xm, Ms^Xm, Ms^Xm, Ms^Xm, Ms^Xm, Ms^Xm, Ms^Xm, Ms^Xm, Ms^Xm, Ms^Xm, Ms^Xm, Ms^Xm, Ms^Xm, Ms^Xm
Ms^Xm, Ms^Xm, Ms^Xm, Ms^Xm, Ms^Xm, Ms^Xm, Ms^Xm, Ms^Xm, Ms^Xm, Ms^Xm, Ms^Xm, Ms^Xm, Ms^Xm, Ms^Xm, Ms^Xm, Ms^Xm, Ms^Xm, Ms^Xm, Ms^Xm, Ms^Xm, Ms^Xm, Ms^Xm, Ms^Xm, Ms^Xm, Hh, Hh, Md, Md, Md, Rra, Ai, Aa, Aa, Ai, Aa, Rra, Rra, Rra, Aa, Rra, Aa, Aa, Ai, Rra, Md, Md, Ms^Xm, Ms^Xm, Ms^Xm, Ms^Xm, Ms^Xm, Ms^Xm, Ms^Xm, Ms^Xm, Ms^Xm, Ms^Xm, Ms^Xm, Ms^Xm, Ms^Xm, Ms^Xm, Ms^Xm, Ms^Xm, Ms^Xm, Ms^Xm, Ms^Xm, Ms^Xm, Ms^Xm, Ms^Xm, Ms^Xm, Ms^Xm, Ms^Xm, Ms^Xm, Ms^Xm, Ms^Xm, Ms^Xm
Gs^Fms, Gll, Md, Md, Md, Md, Md, Gs^Fds, Ms^Xm, Gll, Ms^Xm, Gll, Ms^Xm, Gs^Fds, Ms^Xm, Gs^Fds, Gs^Fds, Gs^Fds, Gs^Fds, Gs^Fds, Gll^Fmf, Gs^Fds, Gll^Fmf, Hh, Hh, Hhd, Md, Md, Md, Md, Ai, Ai, Ms, Aa, Ms, Rra, Cha, Aa, Ha, Aa, Ms, Ai, Md, Md, Md, Md, Md, Hh, Hh, Gll, Ms^Xm, Gs^Fds, Ms^Xm, Ms^Xm, Ms^Xm, Gll, Ms^Xm, Gll, Gll^Fmw, Ms^Xm, Ms^Xm, Ms^Xm, Ms^Xm, Gs^Fms, Gd^Fetd, Gs^Fms, Ms^Xm, Gs^Fms, Ms^Xm, Gll, Md, Gll, Md, Md, Ms^Xm
Md, Md, Md, Md, Gs^Fds, Md, Gs^Fds, Gs^Fds, Gll^Fmf, Gs^Fds, Gll^Fmf, Gll^Fmf, Gs^Fds, Gs^Fds, Gs^Fds, Gs^Fds, Gs^Fds, Gs^Fds, Gs^Fds, Gll^Fmf, Gs^Fds, Gll^Fmf, Gs^Fms, Gll^Fmf, Hh, Hh, Ms^Xm, Md, Md, Md, Md, Ms, Md, Ms, Md, Aa, Md, Ha, Md, Ms, Md, Md, Md, Md, Md, Md, Hh, Hh, Hh, Gll^Fmw, Gll^Fmw, Gs^Fds, Gs^Fds, Gs^Fds, Gll, Gll, Gll^Fmw, Gll^Fmw, Gll^Ecf, Gll^Ecf, Gs^Fms, Gs^Fms, Gd^Fetd, Gd^Fetd, Gs^Fms, Gs^Fds, Md, Md, Md, Md, Md, Md, Md, Gs^Fds, Gs^Fds
Gll, Md, Gll, Gg, Gg, Gll, Gs^Fds, Gll^Fmf, Gs^Fds, Gg, Gg, Gg, Gg, Gg, Gs^Fds, Gs^Fds, Gs^Fds, Gs^Fds, Gs^Fds, Gs^Fds, Gs^Fds, Tb^Tf, Gs^Fds, Gll, Gll, Gll, Gs^Fms, Ms^Xm, Ms^Xm, Ms^Xm, Ms^Xm, Md, Ms^Xm, Md, Md, Md, Ms^Xm, Md, Md, Md, Md, Md, Ms^Xm, Ms^Xm, Ms^Xm, Ms^Xm, Gll, Hh, Gs^Fds, Gll^Fmw, Gs^Fds, Gg, Gs^Fds, Gs^Fds, Gs^Fds, Gs^Fds, Gll, Gs^Fds, Gd^Fetd, Gs^Fms, Hh, Gs^Fms, Gs^Fms, Gs^Fms, Gs^Ecf, Gs^Fms, Gs^Fms, Gs^Fms, Gd^Fetd, Gd^Fetd, Gs^Fds, Gs^Fds, Md, Md, Md
Gg, Gg, Gg, Gg, Gg, Gg, Gg, Gg, Gg, Gg, Gg^Efm, Gg^Efm, Gg, Gg, Gg^Esd, Gg, Gg, Gg, Gg, Gg, Gg, Gg, Gg, Gg, Gg, Gll, Gg, Gg, Gll, Gll, Gs^Fds, Ms^Xm, Hh^Qhh, Ms^Xm, Ms^Xm, Ms^Xm, Mm^Qhh, Ms^Xm, Ms^Xm, Md, Ms^Xm, Ms^Xm, Gg, Gg^Edp, Gd^Edp, Gg^Edp, Gg^Edp, Gg, Gs^Fds, Gg, Gg, Gg, Gs^Fds, Gg, Gs^Fds, Gs^Fds, Gs^Fds, Gd^Fetd, Gs^Fms, Gs^Fms, Gs^Fms, Gs^Ecf, Gs^Fms, Gs^Fds, Gs^Fms, Gs^Fds, Gs^Fds, Gd^Fetd, Gs^Fds, Hh, Gs^Fds, Md, Md, Md, Md
Gg, Gg, Gg, Gg, Gg, Gg, Gg, Gg, Gg, Gg, Gg, Gg, Gg, Gg, Gg, Gg, Gg, Gg, Gg, Gg, Gg, Gg, Gg, Gg, Gg, Gg, Gg, Gg, Gg, Gg, Gll, Gs, Gg, Hh^Qhh, Mm^Qhh, Mm, Mm^Qhh, Mm, Hh^Qhh, Ms^Xm, Gg, Gg, Gg, Gd^Edp, Gg^Ecf, Gd^Vo, Gd^Dr, Gg^Edp, Gg, Gg, Gg, Gg^Esd, Gg, Gg, Gg, Gs^Fds, Gg, Gs^Fds, Gs^Fms, Gs^Fds, Gs^Fds, Gs^Fds, Gs^Fds, Gs^Fds, Gs^Fds, Gll, Gs^Fds, Gll, Hh, Hh, Md, Md, Md, Md, Md
Gg, Gg, Gg, Gg, Gg, Gg, Gg, Gg, Gg, Gg, Gg, Gg, Gg, Gg, Gg, Gg, Gg, Gg, Gg, Gg, Gg, Gg, Gg, Gg, Gg, Gg, Gg, Gg, Gg, Gg, Gs, Gs, Gs, Chr, Hh^Qhh, Hh^Qhh, Hh^Qhh, Chr, Gll^Esd, Gg, Gg, Gg, Gg^Edp, Gg, Gd^Edp, Gd^Dr, Gg^Edp, Gg^Edp, Gg, Gg, Gg, Gg, Gs^Fds, Gs^Fds, Gs^Fds, Gs^Fds, Gs^Fds, Gs^Fds, Gs^Fds, Gg, Gs^Fds, Gg, Gs^Fds, Gll, Gll, Gll, Gll, Gll, Gll, Gll, Hh, Md, Md, Md, Md
Gg, Gg, Gg, Gg, Gg, Gg, Gg, Gg, Gg, Gg, Gg, Gg, Gg, Gg, Gs, Gg, Gg, Gg, Gg, Gg, Gg, Gg, Gg, Gg, Gg, Gg, Gg, Gg, Gg, Gg, Gg, Gg, Gs, Re, Gg, Gll^Feth, Re^Edb, Re, Gll, Gg, Gg, Gg, Gg, Gg^Edp, Gg^Edp, Gg^Dr, Gg, Gg, Gg, Gg, Gg, Gg, Gg, Gg, Gg, Gg, Gg, Gg, Gg, Gg, Gg, Gll, Gll, Gll, Gll, Gg, Rb, Gll^Ecf, Gll, Gg, Gd, Hh, Gg, Hh, Hh
Gg, Gg, Gg, Gg, Gg, Gg, Gg, Gs, Gg, Gg, Gg, Gg, Gs, Gs, Gg, Gg, Gg, Gg, Gg, Gg, Gg, Gg, Gg, Gs, Gg, Gg, Gg^Esd, Gg, Gg, Gg, Gg, Gg, Gs, Gs, Gg, Gg, Gg^Esd, Gll, Gd, Gg, Gg, Gg, Gg, Gg, Gg, Gg, Gg, Gg, Gg, Gg, Gg, Gg, Gg, Gg, Gg, Gg, Gg, Gg, Gg, Gg, Gg, Gll, Gll, Gll, Rb, Rb, Gll, Gg, Rb, Gd, Gd, Gg, Gd, Gd, Gg
Gg, Gg, Gg, Gg, Gg, Gs, Gs, Gs, Gs, Gg, Gg, Gg, Gg, Gs, Gg, Gg, Gg, Gg, Gg, Gg, Gg, Gg, Gg, Gs, Gs, Gg, Gg, Gg^Esd, Gg, Gg, Gg, Gg, Gg, Gd, Gs, Gs^Xxxx, Gd^Edb, Gd^Esd, Gd, Gs, Gg, Gs, Gg, Gs, Gs, Gs, Gg, Gs, Gg, Gs, Gg, Gs, Gg, Gs, Gg, Gs, Gg, Gg, Gg^Es, Gg, Gg, Gg, Gll, Gll, Gll, Gll, Gll, Gll, Gd, Gd, Gd, Gd, Gd, Gg, Gg
Gs, Gs, Gs, Gs, Gs, Gs, Gg, Gs, Gs, Gg, Gg, Gg, Gg, Gg, Gg, Gg, Gg, Gg, Gg, Gg, Gg, Gg, Gg, Gs, Gg, Gs, Gg, Gg, Gg, Gg, Gg, Gg, Gd, Gd, Gd, Gd, Gg, Gs, Gs, Gg, Gs, Gs, Gs, Gg, Gg, Gg, Gg, Gg, Gs, Gg, Gs, Gg, Gs, Gg, Gs, Gg, Gg, Gg, Gg, Gg, Gg, Gg, Gll, Gll, Gll, Gll, Rb, Gll, Gd, Gd, Gll, Gd, Gd, Gg, Gg
Gg, Gs, Gg, 1 Ke, Gs, Gg, Gs, Gg, Gg, Gg, Gg, Gg, Gg, Gg, Gg, Gg, Gg, Gg^Es, Gg, Gg, Gg, Gg, Gs, Gg, Gg, Gg, Gg, Gg, Gg, Gd, Gg, Gg, Gg, Gg, Md, Gd, Md, Gg, Gg, Gs, Gs, Gs, Gg, Gg, Gg, Gg, Gg, Gg, Gg^Esd, Gg^Esd, Gg, Gg, Gs, Gs, Gg, Gg, Gg, Gg, Gg, Gg, Gg, Gg, Gll, Gll, Gll, Gll, Gll, Gll, Gll, Gll, Gd, Gd, 2 Ko, Gg, Gg
Gs, Gg, Gs, Gg, Gs, Gg, Gs, Gs, Gg, Gg, Gg, Gll, Gll, Gll, Gll, Gg, Gg, Gg, Gg, Gg, Gg, Gg, Gs, Gs, Gg, Gll, Gll, Gs, Gd, Gg, Gg, Gg, Gll^Fmw, Chr, Gd^Esd, Md, Md, Chr, Mm^Qhh, Gg, Gs^Esd, Gg, Gg, Gg, Gg, Gg, Gg, Gg, Gg^Esd, Gg^Xxxx, Gg^Xxxx, Gg, Gs, Gs, Gs, Gs, Gg, Gg, Gg, Gg, Gll^Fmw, Gg, Gll, Gll, Gll, Gll, Rb, Gll, Gll, Gll, Gd, Gd, Gg, Gg, Gg
Gg, Gg, Gs, Gs, Gg, Gg, Gg, Gs, Gg, Gg, Gg, Gll, Gg, Gg, Gg, Gg, Gd, Gg, Gg^Edb, Gg, Gg, Gg, Gs, Gg^Ve, Gs, Gg, Gg, Gll, Gd, Gg, Ms^Xm, Ms^Xm, Mm^Xm, Gg, Mm, Mm^Xm, Hh, Mm, Hh, Mm^Xm, Mm^Xm, Gs, Gs, Gg, Gg, Gg, Gg, Gg, Gg, Gg^Xxxx, Gg, Gg, Gg, Gg, Gs, Gs, Gg, Gg, Gg, Gg, Gll^Fmw, Gg, Gll, Gll, Gll, Gll, Gll, Gll, Gll, Gll, Gd, Gd, Gs, Gs, Gs
Gg, Gg, Gs, Gs, Gg, Gg, Gs, Gs, Gg, Gg, Gg, Gll, Gg, Gg, Gd, Gd, Gd, Gg, Gg^Edb, Gg, Gg, Gg, Gg, Gs, Gll^Fmw, Gs^Fds, Gll^Fmw, Gll, Gs^Fds, Ms^Xm, Ms^Xm, Mm^Xm, Mm^Xm, Mm^Xm, Mm^Xm, Md^Qhh, Mm, Mm, Hh, Hh, Mm, Gs^Efm, Gs, Gg, Gg, Gg, Gs^Fms, Gg, Gg, Gg, Gg, Gg, Gg, Gg, Gg, Gg, Gd^Fetd, Gg, Gg, Gg, Gg, Gll, Gll, Gll, Gll, Gll, Gll, Gll, Gll, Gll, Gll, Gd, Gs, Gs, Gs
Gg, Gg, Gg, Gg, Gg, Gg, Gg, Gg, Gg, Gg, Gg, Gg, Gg, Gd, Gd, Gd, Gd, Gd, Gg^Edb, Gg, Gll, Gg^Esd, Gs^Fds, Gs^Fds, Gll^Fmw, Gll^Fmw, Gll^Fmw, Gll^Fmw, Gs^Fds, Gs^Fds, Gll^Feth, Mm^Xm, Mm^Xm, Mm^Xm, Ss^Vhs, Ms^Xm, Ms^Xm, Mm, Ms^Xm, Hh, Mm^Xm, Gs^Efm, Gs^Fds, Gg, Gll, Gs^Fms, Gg, Gs^Fms, Gs^Fms, Gll, Gs^Fms, Gg, Gs^Fms, Gg, Gg, Gg, Gg, Gg, Gg, Gg, Gg, Gll, Gll, Gg, Gll, Gll, Gll, Gd, Gd, Gll, Gd, Gd, Gd, Gs, Gs^Fds
Gs^Fms, Gg, Gg, Gg, Gg, Gg, Gg, Gg, Gg, Gg, Gg, Gg, Gg, Gg, Gd, Gd, Gg, Gg^Edb, Gg, Gg, Gll, Gll, Gll, Gll, Gll, Gll^Fmw, Gll^Fmw, Gs^Fds, Ss, Ss, Sm, Ss, Ss, Gll^Fmw, Wog, Ww^Ewl, Gll^Fmw, Ms^Xm, Gs^Fds, Mm^Xm, Gs^Fds, Gs^Fds, Gs^Fds, Gs^Fds, Gs^Fds, Gll, Gll, Gll, Gll, Gll, Gg, Gs^Fms, Gs^Fms, Gs^Fms, Gs^Fms, Gs^Fms, Gs^Fms, Gg, Gd^Fetd, Gg, Gs^Fms, Gg, Gg^Efm, Gll, Gll, Gll, Gll, Gd, Gg, Gd, Gs^Fds, Gd, Gd, Md, Md
Gd, Gs, Gs^Fds, Gs^Fds, Gs^Fds, Gg, Gs^Fds, Gg, Gg^Efm, Gg, Gd^Fetd, Gg, Gg, Gg, Gg, Gg, Gg, Gg, Gg, Gg, Gs^Fds, Gs^Fds, Gs^Fds, Gll, Gll, Gll^Fmw, Gll, Gs^Fds, Gll, Gll, Gll, Ss, Gs^Fms, Sm, Wog, Sm, Gll^Fmw, Gs^Fds, Ss, Gll^Fp, Gll, Gll, Gll, Gs^Fds, Gs^Fds, Gs^Fds, Gll, Gs^Fds, Gs^Fds, Gs^Fds, Gs^Fds, Gs^Fds, Gs^Fds, Gs^Fms, Gll, Gs^Fms, Gg, Gs^Fms, Gd^Fetd, Gd^Fetd, Gs^Fms, Gg^Es, Gg^Efm, Gg^Efm, Gs^Fds, Gs^Fds, Gs^Fds, Gs^Fds, Gs^Fds, Gs^Fds, Gs^Ecf, Gs^Fds, Gd, Gd, Md
Gs^Fds, Md, Md, Gs^Fds, Gs^Fds, Gs^Fds, Gs^Fds, Gs^Fds, Gs^Fds, Gg^Efm, Gg, Gs, Re, Re, Re, Re, Re, Re, Gs, Gs^Fds, Gs^Fds, Gs^Fds, Gs^Fds, Gs^Fds, Gs^Fds, Gll, Ss, Gll, Gll^Fmf, Gll^Fmw, Gs^Fds, Gll, Gll, Sm, Wog, Sm, Rd^Em, Ss, Gll, Gll, Ss, Gll^Fmw, Gs^Fds, Gll, Gll, Gll, Gs^Fds, Tb^Tf, Gs^Fds, Gs^Fds, Gs^Fms, Gs^Fms, Gs^Fms, Gll, Gll, Gll, Gll, Gll, Gd^Fetd, Gs^Ecf, Gs^Fds, Gs^Fds, Gs^Fds, Gs^Fds, Gs^Ecf, Gs^Fds, Gs^Fds, Gs^Fds, Gs^Fds, Gll, Gs^Fds, Gs^Fds, Gd, Gd, Md
Gs^Fds, Md, Md, Md, Md, Md, Gs^Fds, Gs^Fds, Gll^Fmw, Gs^Fds, Gs^Fds, Gs^Fds, Gll^Fmw, Gs^Fds, Gll^Fmw, Gll^Fmw, Gll^Fmw, Gll^Fmw, Gll^Fmw, Gs^Fds, Gs^Fds, Gs^Fds, Gs^Fds, Gs^Fds, Gll^Fmf, Gll^Fmf, Ss, Ss, Gs^Fms, Tb^Tf, Gs^Fds, Gs^Fms, Gs^Fds, Gll, Wog^Bw\r, Sm, Gll, Gll^Fp, Gll, Gll^Fmw, Gll^Fmw, Ss, Gs^Fds, Gs^Fds, Gll^Fmw, Gs^Fds, Gs^Fds, Gs^Fds, Gs^Fms, Gs^Fms, Gs^Fms, Gll^Fmf, Gll, Gs^Fms, Gs^Fms, Gs^Fms, Gll, Gs^Fds, Gll^Fmf, Gs^Fds, Gd^Fetd, Gd^Fetd, Gd^Fetd, Gd^Fetd, Gs^Fds, Gs^Fds, Gs^Fds, Gs^Fds, Gs^Fds, Gs^Fds, Gs^Fds, Md, Md, Gd, Ms^Xm
Gs, Gs^Fds, Ms^Xm, Ms^Xm, Ms^Xm, Md, Ms^Xm, Gs^Fds, Ms^Xm, Gs^Fds, Gs, Gs^Fds, Gg, Gll^Fmw, Gg, Gg, Gg, Gs, Ms^Xm, Gs^Fds, Gd, Gll, Gs^Fds, Gs^Fds, Gs^Fds, Gll, Gs^Fds, Ss, Gs^Fds, Gs^Fds, Sm^Em, Sm^Em, Ss, Ss, Ww^Ewl, Gll, Gll^Fmw, Gll, Ss, Gll^Fmw, Tb^Tf, Gd^Fts, Gll^Fp, Gll^Fmw, Gs^Fds, Gll^Fmw, Ms^Xm, Gs^Fms, Ms^Xm, Gs^Fms, Ms^Xm, Gll, Gll, Gll, Gll, Gll, Gs^Fds, Gs^Fds, Ms^Xm, Gll^Fmw, Gll^Fmf, Gll^Fmw, Ms^Xm, Ms^Xm, Ms^Xm, Gs^Fds, Ms^Xm, Ms^Xm, Gs^Fds, Gs^Fds, Md, Md, Md, Ms^Xm, Ms^Xm
Ms^Xm, Ms^Xm, Ms^Xm, Ms^Xm, Ms^Xm, Ms^Xm, Ms^Xm, Ms^Xm, Ms^Xm, Ms^Xm, Ms^Xm, Ms^Xm, Ms^Xm, Ms^Xm, Ms^Xm, Ms^Xm, Ms^Xm, Ms^Xm, Ms^Xm, Ms^Xm, Ms^Xm, Ms^Xm, Gs^Fds, Gs^Fds, Gs^Fds, Gs^Fds, Gs^Fds, Gs^Fds, Gs^Fds, Gs^Fds, Gs^Fds, Ss, Sm^Em, Sm, Wwr, Sm, Ss, Gs^Fds, Gll^Fp, Gd^Fts, Gll^Fp, Gll^Fp, Gd^Fts, Ms^Xm, Ms^Xm, Ms^Xm, Ms^Xm, Ms^Xm, Ms^Xm, Ms^Xm, Ms^Xm, Ms^Xm, Ms^Xm, Ms^Xm, Ms^Xm, Ms^Xm, Ms^Xm, Ms^Xm, Ms^Xm, Ms^Xm, Ms^Xm, Ms^Xm, Ms^Xm, Ms^Xm, Ms^Xm, Ms^Xm, Ms^Xm, Ms^Xm, Ms^Xm, Ms^Xm, Ms^Xm, Ms^Xm, Ms^Xm, Ms^Xm, Ms^Xm
Ms^Xm, Ms^Xm, Ms^Xm, Ms^Xm, Ms^Xm, Ms^Xm, Ms^Xm, Ms^Xm, Ms^Xm, Ms^Xm, Ms^Xm, Ms^Xm, Ms^Xm, Ms^Xm, Ms^Xm, Ms^Xm, Ms^Xm, Ms^Xm, Ms^Xm, Ms^Xm, Ms^Xm, Ms^Xm, Ms^Xm, Ms^Xm, Ms^Xm, Ms^Xm, Ms^Xm, Ms^Xm, Gs^Fds, Gs^Fds, Gs^Fds, Gs^Fds, Ss, Ss, Wwr, Wwr, Ss, Gll^Fp, Ms^Xm, Gll^Fp, Ms^Xm, Gd^Fts, Ms^Xm, Gs^Fds, Ms^Xm, Ms^Xm, Ms^Xm, Ms^Xm, Ms^Xm, Ms^Xm, Ms^Xm, Ms^Xm, Ms^Xm, Ms^Xm, Ms^Xm, Ms^Xm, Ms^Xm, Ms^Xm, Ms^Xm, Ms^Xm, Ms^Xm, Ms^Xm, Ms^Xm, Ms^Xm, Ms^Xm, Ms^Xm, Ms^Xm, Ms^Xm, Ms^Xm, Ms^Xm, Ms^Xm, Ms^Xm, Ms^Xm, Ms^Xm, Ms^Xm
Ms^Xm, Ms^Xm, Ms^Xm, Ms^Xm, Ms^Xm, Ms^Xm, Ms^Xm, Ms^Xm, Ms^Xm, Ms^Xm, Ms^Xm, Ms^Xm, Ms^Xm, Ms^Xm, Ms^Xm, Ms^Xm, Ms^Xm, Ms^Xm, Ms^Xm, Ms^Xm, Ms^Xm, Ms^Xm, Ms^Xm, Ms^Xm, Ms^Xm, Ms^Xm, Ms^Xm, Ms^Xm, Ms^Xm, Ms^Xm, Ms^Xm, Ms^Xm, Ms^Xm, Ms^Xm, Ms^Xm, Ms^Xm, Ms^Xm, Ms^Xm, Ms^Xm, Ms^Xm, Ms^Xm, Ms^Xm, Ms^Xm, Ms^Xm, Ms^Xm, Ms^Xm, Ms^Xm, Ms^Xm, Ms^Xm, Ms^Xm, Ms^Xm, Ms^Xm, Ms^Xm, Ms^Xm, Ms^Xm, Ms^Xm, Ms^Xm, Ms^Xm, Ms^Xm, Ms^Xm, Ms^Xm, Ms^Xm, Ms^Xm, Ms^Xm, Ms^Xm, Ms^Xm, Ms^Xm, Ms^Xm, Ms^Xm, Ms^Xm, Ms^Xm, Ms^Xm, Ms^Xm, Ms^Xm, Ms^Xm
Ms^Xm, Ms^Xm, Ms^Xm, Ms^Xm, Ms^Xm, Ms^Xm, Ms^Xm, Ms^Xm, Ms^Xm, Ms^Xm, Ms^Xm, Ms^Xm, Ms^Xm, Ms^Xm, Ms^Xm, Ms^Xm, Ms^Xm, Ms^Xm, Ms^Xm, Ms^Xm, Ms^Xm, Ms^Xm, Ms^Xm, Ms^Xm, Ms^Xm, Ms^Xm, Ms^Xm, Ms^Xm, Ms^Xm, Ms^Xm, Ms^Xm, Ms^Xm, Ms^Xm, Ms^Xm, Ms^Xm, Ms^Xm, Ms^Xm, Ms^Xm, Ms^Xm, Ms^Xm, Ms^Xm, Ms^Xm, Ms^Xm, Ms^Xm, Ms^Xm, Ms^Xm, Ms^Xm, Ms^Xm, Ms^Xm, Ms^Xm, Ms^Xm, Ms^Xm, Ms^Xm, Ms^Xm, Ms^Xm, Ms^Xm, Ms^Xm, Ms^Xm, Ms^Xm, Ms^Xm, Ms^Xm, Ms^Xm, Ms^Xm, Ms^Xm, Ms^Xm, Ms^Xm, Ms^Xm, Ms^Xm, Ms^Xm, Ms^Xm, Ms^Xm, Ms^Xm, Ms^Xm, Ms^Xm, Ms^Xm
Ms^Xm, Ms^Xm, Ms^Xm, Ms^Xm, Ms^Xm, Ms^Xm, Ms^Xm, Ms^Xm, Ms^Xm, Ms^Xm, Ms^Xm, Ms^Xm, Ms^Xm, Ms^Xm, Ms^Xm, Ms^Xm, Ms^Xm, Ms^Xm, Ms^Xm, Ms^Xm, Ms^Xm, Ms^Xm, Ms^Xm, Ms^Xm, Ms^Xm, Ms^Xm, Ms^Xm, Ms^Xm, Ms^Xm, Ms^Xm, Ms^Xm, Ms^Xm, Ms^Xm, Ms^Xm, Ms^Xm, Ms^Xm, Ms^Xm, Ms^Xm, Ms^Xm, Ms^Xm, Ms^Xm, Ms^Xm, Ms^Xm, Ms^Xm, Ms^Xm, Ms^Xm, Ms^Xm, Ms^Xm, Ms^Xm, Ms^Xm, Ms^Xm, Ms^Xm, Ms^Xm, Ms^Xm, Ms^Xm, Ms^Xm, Ms^Xm, Ms^Xm, Ms^Xm, Ms^Xm, Ms^Xm, Ms^Xm, Ms^Xm, Ms^Xm, Ms^Xm, Ms^Xm, Ms^Xm, Ms^Xm, Ms^Xm, Ms^Xm, Ms^Xm, Ms^Xm, Ms^Xm, Ms^Xm, Ms^Xm
Ms^Xm, Ms^Xm, Ms^Xm, Ms^Xm, Ms^Xm, Ms^Xm, Ms^Xm, Ms^Xm, Ms^Xm, Ms^Xm, Ms^Xm, Ms^Xm, Ms^Xm, Ms^Xm, Ms^Xm, Ms^Xm, Ms^Xm, Ms^Xm, Ms^Xm, Ms^Xm, Ms^Xm, Ms^Xm, Ms^Xm, Ms^Xm, Ms^Xm, Ms^Xm, Ms^Xm, Ms^Xm, Ms^Xm, Ms^Xm, Ms^Xm, Ms^Xm, Ms^Xm, Ms^Xm, Ms^Xm, Ms^Xm, Ms^Xm, Ms^Xm, Ms^Xm, Ms^Xm, Ms^Xm, Ms^Xm, Ms^Xm, Ms^Xm, Ms^Xm, Ms^Xm, Ms^Xm, Ms^Xm, Ms^Xm, Ms^Xm, Ms^Xm, Ms^Xm, Ms^Xm, Ms^Xm, Ms^Xm, Ms^Xm, Ms^Xm, Ms^Xm, Ms^Xm, Ms^Xm, Ms^Xm, Ms^Xm, Ms^Xm, Ms^Xm, Ms^Xm, Ms^Xm, Ms^Xm, Ms^Xm, Ms^Xm, Ms^Xm, Ms^Xm, Ms^Xm, Ms^Xm, Ms^Xm, Ms^Xm
Ms^Xm, Ms^Xm, Ms^Xm, Ms^Xm, Ms^Xm, Ms^Xm, Ms^Xm, Ms^Xm, Ms^Xm, Ms^Xm, Ms^Xm, Ms^Xm, Ms^Xm, Ms^Xm, Ms^Xm, Ms^Xm, Ms^Xm, Ms^Xm, Ms^Xm, Ms^Xm, Ms^Xm, Ms^Xm, Ms^Xm, Ms^Xm, Ms^Xm, Ms^Xm, Ms^Xm, Ms^Xm, Ms^Xm, Ms^Xm, Ms^Xm, Ms^Xm, Ms^Xm, Ms^Xm, Ms^Xm, Ms^Xm, Ms^Xm, Ms^Xm, Ms^Xm, Ms^Xm, Ms^Xm, Ms^Xm, Ms^Xm, Ms^Xm, Ms^Xm, Ms^Xm, Ms^Xm, Ms^Xm, Ms^Xm, Ms^Xm, Ms^Xm, Ms^Xm, Ms^Xm, Ms^Xm, Ms^Xm, Ms^Xm, Ms^Xm, Ms^Xm, Ms^Xm, Ms^Xm, Ms^Xm, Ms^Xm, Ms^Xm, Ms^Xm, Ms^Xm, Ms^Xm, Ms^Xm, Ms^Xm, Ms^Xm, Ms^Xm, Ms^Xm, Ms^Xm, Ms^Xm, Ms^Xm, Ms^Xm
Ms^Xm, Gg, Gg, Ms^Xm, Ms^Xm, Ms^Xm, Gg, Ms^Xm, Gg, Ms^Xm, Gg, Ms^Xm, Ms^Xm, Ms^Xm, Ms^Xm, Ms^Xm, Ms^Xm, Ms^Xm, Ms^Xm, Ms^Xm, Ms^Xm, Ms^Xm, Ms^Xm, Ms^Xm, Ms^Xm, Ms^Xm, Ms^Xm, Ms^Xm, Ms^Xm, Ms^Xm, Ms^Xm, Ms^Xm, Ms^Xm, Ms^Xm, Ms^Xm, Ms^Xm, Ms^Xm, Ms^Xm, Ms^Xm, Ms^Xm, Ms^Xm, Ms^Xm, Ms^Xm, Ms^Xm, Ms^Xm, Ms^Xm, Ms^Xm, Ms^Xm, Ms^Xm, Ms^Xm, Ms^Xm, Ms^Xm, Ms^Xm, Ms^Xm, Ms^Xm, Ms^Xm, Ms^Xm, Ms^Xm, Ms^Xm, Ms^Xm, Ms^Xm, Ms^Xm, Ms^Xm, Ms^Xm, Ms^Xm, Ms^Xm, Ms^Xm, Ms^Xm, Ms^Xm, Ms^Xm, Ms^Xm, Ms^Xm, Ms^Xm, Ms^Xm, Ms^Xm
